
> temp_dir@0.1.0 build
> next build

Attention: Next.js now collects completely anonymous telemetry regarding usage.
This information is used to shape Next.js' roadmap and prioritize features.
You can learn more, including how to opt-out if you'd not like to participate in this anonymous program, by visiting the following URL:
https://nextjs.org/telemetry

▲ Next.js 16.2.1 (Turbopack)

  Creating an optimized production build ...
✓ Compiled successfully in 4.8s
  Running TypeScript ...
  Finished TypeScript in 8.3s ...
  Collecting page data using 3 workers ...
  Generating static pages using 3 workers (0/11) ...
  Generating static pages using 3 workers (2/11)
  Generating static pages using 3 workers (5/11)
  Generating static pages using 3 workers (8/11)
✓ Generating static pages using 3 workers (11/11) in 277ms
  Finalizing page optimization ...

Route (app)
┌ ○ /
├ ○ /_not-found
├ ƒ /api/auth/login
├ ƒ /api/auth/logout
├ ƒ /api/projects
├ ƒ /api/projects/[id]
├ ƒ /api/projects/[id]/test-email
├ ƒ /api/task-items
├ ƒ /api/task-items/[id]
├ ƒ /api/tasks
├ ƒ /api/tasks/[id]
├ ƒ /api/uploads
├ ○ /login
└ ƒ /projects/[id]


ƒ Proxy (Middleware)

○  (Static)   prerendered as static content
ƒ  (Dynamic)  server-rendered on demand
